[backblue.gif]
[fade.gif]
[index.html]
[htmlstream.com/front-dashboard/favicon.ico]
[htmlstream.com/front-dashboard/assets/vendor/hs-navbar-vertical-aside/hs-navbar-vertical-aside-mini-cache.js]
[htmlstream.com/front-dashboard/assets/img/160x160/img10.jpg]
[htmlstream.com/front-dashboard/assets/img/160x160/img3.jpg]
[htmlstream.com/front-dashboard/assets/img/160x160/img7.jpg]
[htmlstream.com/front-dashboard/assets/img/160x160/img5.jpg]
[htmlstream.com/front-dashboard/assets/img/160x160/img8.jpg]
[htmlstream.com/front-dashboard/assets/img/160x160/img6.jpg]
[htmlstream.com/front-dashboard/assets/js/demo.js]
[htmlstream.com/front-dashboard/assets/img/160x160/img9.jpg]
[htmlstream.com/front-dashboard/assets/img/160x160/img4.jpg]
[htmlstream.com/front-dashboard/assets/js/vendor.min.js]
[themes.getbootstrap.com/product/front-multipurpose-responsive-template/index.html]
[htmlstream.com/front-dashboard/assets/vendor/chart.js/dist/Chart.min.js]
[htmlstream.com/front-dashboard/assets/vendor/chart.js.extensions/chartjs-extensions.js]
[htmlstream.com/front-dashboard/assets/vendor/chartjs-plugin-datalabels/dist/chartjs-plugin-datalabels.min.js]
[htmlstream.com/front-dashboard/assets/js/theme.min.js]
[htmlstream.com/front-dashboard/assets/vendor/babel-polyfill/polyfill.min.js]
[htmlstream.com/front-dashboard/index.html]
[fonts.googleapis.com/css27217.css]
[htmlstream.com/front-dashboard/assets/css/vendor.min.css]
[htmlstream.com/front-dashboard/assets/vendor/icon-set/fonts/The-Icon-of9a76.eot]
[htmlstream.com/front-dashboard/assets/vendor/icon-set/fonts/The-Icon-of9a76.ttf]
[htmlstream.com/front-dashboard/assets/vendor/icon-set/fonts/The-Icon-of9a76.woff]
[htmlstream.com/front-dashboard/assets/vendor/icon-set/style.css]
[htmlstream.com/front-dashboard/assets/css/theme.minc619.css]
[htmlstream.com/front-dashboard/assets/svg/layouts/layouts-sidebar-default.svg]
[htmlstream.com/front-dashboard/assets/svg/layouts/layouts-sidebar-dark.svg]
[htmlstream.com/front-dashboard/assets/svg/layouts/layouts-sidebar-light.svg]
[htmlstream.com/front-dashboard/assets/svg/layouts/sidebar-default-classic.svg]
[htmlstream.com/front-dashboard/assets/svg/layouts/sidebar-compact.svg]
[htmlstream.com/front-dashboard/assets/svg/layouts/sidebar-mini.svg]
[htmlstream.com/front-dashboard/assets/svg/layouts/header-default-fluid.svg]
[htmlstream.com/front-dashboard/assets/svg/layouts/header-default-container.svg]
[htmlstream.com/front-dashboard/assets/svg/layouts/header-double-line-fluid.svg]
[htmlstream.com/front-dashboard/assets/svg/layouts/header-double-line-container.svg]
[htmlstream.com/front-dashboard/assets/svg/logos/logo.svg]
[htmlstream.com/front-dashboard/assets/svg/logos/logo-short.svg]
[htmlstream.com/front-dashboard/assets/svg/brands/google.svg]
[htmlstream.com/front-dashboard/assets/svg/brands/atlassian.svg]
[htmlstream.com/front-dashboard/assets/svg/brands/slack.svg]
[htmlstream.com/front-dashboard/assets/svg/brands/google-webdev.svg]
[htmlstream.com/front-dashboard/assets/svg/brands/frontapp.svg]
[htmlstream.com/front-dashboard/assets/svg/illustrations/review-rating-shield.svg]
[htmlstream.com/front-dashboard/dashboard-alternative.html]
[htmlstream.com/front-dashboard/assets/img/1920x400/img1.jpg]
[htmlstream.com/front-dashboard/users.html]
[htmlstream.com/front-dashboard/users-leaderboard.html]
[htmlstream.com/front-dashboard/assets/img/160x160/img1.jpg]
[htmlstream.com/front-dashboard/users-add-user.html]
[htmlstream.com/front-dashboard/user-profile.html]
[htmlstream.com/front-dashboard/user-profile-teams.html]
[htmlstream.com/front-dashboard/user-profile-projects.html]
[htmlstream.com/front-dashboard/user-profile-connections.html]
[htmlstream.com/front-dashboard/assets/img/1920x400/img2.jpg]
[htmlstream.com/front-dashboard/user-profile-my-profile.html]
[htmlstream.com/front-dashboard/account-settings.html]
[htmlstream.com/front-dashboard/account-billing.html]
[htmlstream.com/front-dashboard/account-invoice.html]
[htmlstream.com/front-dashboard/account-api-keys.html]
[htmlstream.com/front-dashboard/assets/img/400x400/img4.jpg]
[htmlstream.com/front-dashboard/assets/img/400x400/img26.jpg]
[htmlstream.com/front-dashboard/assets/img/400x400/img25.jpg]
[htmlstream.com/front-dashboard/assets/img/400x400/img6.jpg]
[htmlstream.com/front-dashboard/assets/img/400x400/img3.jpg]
[htmlstream.com/front-dashboard/assets/img/400x400/img5.jpg]
[htmlstream.com/front-dashboard/assets/vendor/chartjs-chart-matrix/dist/chartjs-chart-matrix.min.js]
[htmlstream.com/front-dashboard/ecommerce.html]
[htmlstream.com/front-dashboard/assets/img/400x400/img11.jpg]
[htmlstream.com/front-dashboard/assets/img/400x400/img12.jpg]
[htmlstream.com/front-dashboard/assets/img/400x400/img13.jpg]
[htmlstream.com/front-dashboard/assets/img/400x400/img14.jpg]
[htmlstream.com/front-dashboard/assets/img/400x400/img15.jpg]
[htmlstream.com/front-dashboard/assets/img/400x400/img17.jpg]
[htmlstream.com/front-dashboard/assets/img/400x400/img16.jpg]
[htmlstream.com/front-dashboard/assets/img/400x400/img18.jpg]
[htmlstream.com/front-dashboard/assets/img/400x400/img19.jpg]
[htmlstream.com/front-dashboard/assets/img/400x400/img20.jpg]
[htmlstream.com/front-dashboard/assets/img/400x400/img21.jpg]
[htmlstream.com/front-dashboard/assets/img/400x400/img22.jpg]
[htmlstream.com/front-dashboard/assets/img/400x400/img23.jpg]
[htmlstream.com/front-dashboard/assets/img/400x400/img24.jpg]
[htmlstream.com/front-dashboard/ecommerce-products.html]
[htmlstream.com/front-dashboard/assets/img/400x400/img7.jpg]
[htmlstream.com/front-dashboard/assets/img/725x1080/img1.jpg]
[htmlstream.com/front-dashboard/assets/img/400x400/img8.jpg]
[htmlstream.com/front-dashboard/assets/img/1920x1080/img1.jpg]
[htmlstream.com/front-dashboard/assets/img/400x400/img9.jpg]
[htmlstream.com/front-dashboard/assets/img/1920x1080/img2.jpg]
[htmlstream.com/front-dashboard/assets/img/400x400/img10.jpg]
[htmlstream.com/front-dashboard/assets/img/1920x1080/img3.jpg]
[htmlstream.com/front-dashboard/assets/img/400x400/img2.jpg]
[htmlstream.com/front-dashboard/ecommerce-product-details.html]
[htmlstream.com/front-dashboard/ecommerce-add-product.html]
[htmlstream.com/front-dashboard/ecommerce-orders.html]
[htmlstream.com/front-dashboard/ecommerce-order-details.html]
[htmlstream.com/front-dashboard/ecommerce-customers.html]
[htmlstream.com/front-dashboard/ecommerce-customer-details.html]
[htmlstream.com/front-dashboard/ecommerce-add-customers.html]
[htmlstream.com/front-dashboard/ecommerce-manage-reviews.html]
[htmlstream.com/front-dashboard/ecommerce-checkout.html]
[htmlstream.com/front-dashboard/assets/img/160x160/img2.jpg]
[htmlstream.com/front-dashboard/projects.html]
[htmlstream.com/front-dashboard/projects-timeline.html]
[htmlstream.com/front-dashboard/assets/js/hs.chartjs-matrix.js]
[htmlstream.com/front-dashboard/project.html]
[htmlstream.com/front-dashboard/project-files.html]
[htmlstream.com/front-dashboard/project-activity.html]
[htmlstream.com/front-dashboard/project-teams.html]
[htmlstream.com/front-dashboard/project-settings.html]
[htmlstream.com/front-dashboard/referrals.html]
[htmlstream.com/front-dashboard/authentication-signin-basic.html]
[htmlstream.com/front-dashboard/authentication-signin-cover.html]
[htmlstream.com/front-dashboard/authentication-signup-basic.html]
[htmlstream.com/front-dashboard/authentication-signup-cover.html]
[htmlstream.com/front-dashboard/authentication-reset-password-basic.html]
[htmlstream.com/front-dashboard/authentication-reset-password-cover.html]
[htmlstream.com/front-dashboard/authentication-email-verification-basic.html]
[htmlstream.com/front-dashboard/authentication-email-verification-cover.html]
[htmlstream.com/front-dashboard/authentication-two-step-verification-basic.html]
[htmlstream.com/front-dashboard/authentication-two-step-verification-cover.html]
[htmlstream.com/front-dashboard/error-404.html]
[htmlstream.com/front-dashboard/error-500.html]
[htmlstream.com/front-dashboard/welcome-page.html]
[htmlstream.com/front-dashboard/apps-kanban.html]
[htmlstream.com/front-dashboard/apps-calendar.html]
[htmlstream.com/front-dashboard/apps-invoice-generator.html]
[htmlstream.com/front-dashboard/assets/img/600x200/img2.jpg]
[htmlstream.com/front-dashboard/apps-file-manager.html]
[htmlstream.com/front-dashboard/layouts/layouts.html]
[htmlstream.com/front-dashboard/documentation/index.html]
[htmlstream.com/front-dashboard/assets/svg/logos/logo-white.svg]
[htmlstream.com/front-dashboard/documentation/alerts.html]
[htmlstream.com/front-dashboard/documentation/typography.html]
[htmlstream.com/front-dashboard/assets/vendor/flag-icon-css/flags/1x1/us.svg]
[htmlstream.com/front-dashboard/assets/vendor/flag-icon-css/flags/1x1/gb.svg]
[htmlstream.com/front-dashboard/assets/vendor/flag-icon-css/flags/1x1/de.svg]
[htmlstream.com/front-dashboard/assets/vendor/flag-icon-css/flags/1x1/dk.svg]
[htmlstream.com/front-dashboard/assets/vendor/flag-icon-css/flags/1x1/it.svg]
[htmlstream.com/front-dashboard/assets/vendor/flag-icon-css/flags/1x1/cn.svg]
[htmlstream.com/front-dashboard/assets/svg/brands/capsule.svg]
[htmlstream.com/front-dashboard/assets/svg/brands/mailchimp.svg]
[htmlstream.com/front-dashboard/assets/svg/brands/excel.svg]
[htmlstream.com/front-dashboard/assets/svg/brands/word.svg]
[htmlstream.com/front-dashboard/assets/svg/illustrations/card-1.svg]
[htmlstream.com/front-dashboard/assets/svg/illustrations/card-2.svg]
[htmlstream.com/front-dashboard/assets/svg/illustrations/card-3.svg]
[htmlstream.com/front-dashboard/assets/svg/illustrations/graphs.svg]
[htmlstream.com/front-dashboard/assets/svg/brands/gitlab-gray.svg]
[htmlstream.com/front-dashboard/assets/svg/brands/fitbit-gray.svg]
[htmlstream.com/front-dashboard/assets/svg/brands/flow-xo-gray.svg]
[htmlstream.com/front-dashboard/assets/svg/brands/layar-gray.svg]
[htmlstream.com/front-dashboard/assets/svg/brands/gmail.svg]
[themes.getbootstrap.com/wp-content/themes/bootstrap-marketplace/assets/images/fav/apple-touch-icon.png]
[themes.getbootstrap.com/wp-content/themes/bootstrap-marketplace/assets/images/fav/favicon-32x32.png]
[themes.getbootstrap.com/wp-content/themes/bootstrap-marketplace/assets/images/fav/favicon-16x16.png]
[themes.getbootstrap.com/wp-content/uploads/2018/05/front-preview-screenshot1.jpg]
[themes.getbootstrap.com/wp-includes/css/dist/block-library/style.minde54.css]
[themes.getbootstrap.com/wp-content/plugins/woocommerce/packages/woocommerce-blocks/build/style747d.css]
[themes.getbootstrap.com/wp-content/plugins/woocommerce/assets/css/photoswipe/photoswipe7e2e.css]
[themes.getbootstrap.com/wp-content/plugins/woocommerce/assets/css/photoswipe/default-skin/default-skin7e2e.css]
[themes.getbootstrap.com/wp-content/plugins/woocommerce/assets/css/woocommerce-layout7e2e.css]
[themes.getbootstrap.com/wp-content/plugins/woocommerce/assets/css/woocommerce-smallscreen7e2e.css]
[themes.getbootstrap.com/wp-content/plugins/woocommerce/assets/css/woocommerce7e2e.css]
[themes.getbootstrap.com/wp-content/plugins/dokan-lite/assets/vendors/font-awesome/font-awesome.min3b90.css]
[themes.getbootstrap.com/wp-content/themes/dokan/assets/css/skins/purple.css]
[themes.getbootstrap.com/wp-content/plugins/dokan-lite/assets/vendors/select2/select23b90.css]
[themes.getbootstrap.com/wp-includes/js/jquery/jquery4a5f.js]
[themes.getbootstrap.com/wp-includes/js/jquery/jquery-migrate.min330a.js]
[themes.getbootstrap.com/wp-content/themes/bootstrap-marketplace/style94c8.css]
[themes.getbootstrap.com/wp-content/uploads/2018/05/front-preview-screenshot1-1200x900.jpg]
[themes.getbootstrap.com/wp-content/uploads/2017/10/logo-300x300.jpg]
[themes.getbootstrap.com/wp-content/uploads/2019/04/landkit-screenshot-v2.0.0-400x300.jpg]
[themes.getbootstrap.com/wp-content/uploads/2020/06/screenshot-400x300.jpg]
[themes.getbootstrap.com/wp-content/uploads/2019/08/quick-website-ui-kit-1.1.0-cover-400x300.jpg]
[chimpstatic.com/mcjs-connected/js/users/e3428dd6b8fda73bc5ba8b6e6/37107ccd183a988edab652f4b.js]
[themes.getbootstrap.com/wp-content/plugins/woocommerce/assets/js/jquery-blockui/jquery.blockUI.min44fd.js]
[themes.getbootstrap.com/wp-content/plugins/woocommerce/assets/js/frontend/add-to-cart.min7e2e.js]
[themes.getbootstrap.com/wp-content/plugins/woocommerce/assets/js/photoswipe/photoswipe.min0235.js]
[themes.getbootstrap.com/wp-content/plugins/woocommerce/assets/js/photoswipe/photoswipe-ui-default.min0235.js]
[themes.getbootstrap.com/wp-content/plugins/woocommerce/assets/js/frontend/single-product.min7e2e.js]
[themes.getbootstrap.com/wp-content/plugins/woocommerce/assets/js/js-cookie/js.cookie.min6b25.js]
[themes.getbootstrap.com/wp-content/plugins/woocommerce/assets/js/frontend/woocommerce.min7e2e.js]
[themes.getbootstrap.com/wp-content/plugins/woocommerce/assets/js/frontend/cart-fragments.min7e2e.js]
[themes.getbootstrap.com/wp-content/plugins/mailchimp-for-woocommerce/public/js/mailchimp-woocommerce-public.min8d5a.js]
[themes.getbootstrap.com/wp-includes/js/jquery/ui/core.mine899.js]
[themes.getbootstrap.com/wp-includes/js/jquery/ui/widget.mine899.js]
[themes.getbootstrap.com/wp-includes/js/jquery/ui/mouse.mine899.js]
[themes.getbootstrap.com/wp-includes/js/jquery/ui/sortable.mine899.js]
[themes.getbootstrap.com/wp-includes/js/jquery/ui/datepicker.mine899.js]
[themes.getbootstrap.com/wp-content/plugins/dokan-lite/assets/vendors/tooltips/tooltips3b90.js]
[themes.getbootstrap.com/wp-content/plugins/dokan-lite/assets/vendors/form-validate/form-validate3b90.js]
[themes.getbootstrap.com/wp-content/plugins/dokan-lite/assets/js/speakingurl.min3b90.js]
[themes.getbootstrap.com/wp-content/plugins/dokan-lite/assets/vendors/i18n/jed3b90.js]
[themes.getbootstrap.com/wp-content/plugins/dokan-lite/assets/js/vendor-registration8700.js]
[themes.getbootstrap.com/wp-includes/js/imgareaselect/jquery.imgareaselect.minde54.js]
[themes.getbootstrap.com/wp-includes/js/underscore.min4511.js]
[themes.getbootstrap.com/wp-includes/js/customize-base.minde54.js]
[themes.getbootstrap.com/wp-includes/js/backbone.min2fca.js]
[themes.getbootstrap.com/wp-includes/js/customize-models3b90.js]
[themes.getbootstrap.com/wp-content/plugins/dokan-lite/assets/js/dokan8700.js]
[themes.getbootstrap.com/wp-content/plugins/dokan-lite/assets/vendors/select2/select2.full.min3b90.js]
[themes.getbootstrap.com/wp-content/plugins/dokan-lite/assets/vendors/magnific/jquery.magnific-popup.min3b90.js]
[themes.getbootstrap.com/wp-content/plugins/dokan-lite/assets/js/login-form-popup8700.js]
[themes.getbootstrap.com/wp-content/plugins/dokan-pro/assets/js/single-product-shipping.js]
[themes.getbootstrap.com/wp-includes/js/wp-embed.minde54.js]
[themes.getbootstrap.com/wp-content/themes/bootstrap-marketplace/assets/javascript/Chart.min.js]
[themes.getbootstrap.com/wp-content/themes/bootstrap-marketplace/assets/javascript/Chart.bundle.min.js]
[themes.getbootstrap.com/wp-content/themes/bootstrap-marketplace/assets/javascript/tether.min.js]
[themes.getbootstrap.com/wp-content/themes/bootstrap-marketplace/assets/javascript/popper.min.js]
[themes.getbootstrap.com/wp-content/themes/bootstrap-marketplace/assets/javascript/bootstrap.min.js]
[themes.getbootstrap.com/wp-content/themes/bootstrap-marketplace/assets/javascript/lazysizes.min.js]
[themes.getbootstrap.com/product/front-multipurpose-responsive-template/index.html]
[htmlstream.com/front-dashboard/assets/css/images/layers.html]
[htmlstream.com/front-dashboard/assets/css/images/layers-2x.html]
[htmlstream.com/front-dashboard/assets/css/images/marker-icon.html]
[themes.getbootstrap.com/wp-content/themes/bootstrap-marketplace/assets/javascript/scriptsa6b3.js]
[htmlstream.com/front-dashboard/assets/vendor/icon-set/fonts/The-Icon-of9a76.svg]
[htmlstream.com/front-dashboard/assets/svg/brands/spec.svg]
[htmlstream.com/front-dashboard/assets/svg/brands/bank-of-america.svg]
[htmlstream.com/front-dashboard/assets/svg/brands/spotify.svg]
[htmlstream.com/front-dashboard/assets/svg/illustrations/review-5-star.svg]
[htmlstream.com/front-dashboard/assets/svg/components/star.svg]
[htmlstream.com/front-dashboard/assets/svg/brands/htmlstream.svg]
[htmlstream.com/front-dashboard/assets/svg/illustrations/copy.svg]
[htmlstream.com/front-dashboard/assets/svg/illustrations/print.svg]
[htmlstream.com/front-dashboard/assets/svg/components/placeholder-csv-format.svg]
[htmlstream.com/front-dashboard/assets/svg/brands/pdf.svg]
[htmlstream.com/front-dashboard/assets/vendor/flag-icon-css/flags/1x1/af.svg]
[htmlstream.com/front-dashboard/assets/vendor/flag-icon-css/flags/1x1/ax.svg]
[htmlstream.com/front-dashboard/assets/vendor/flag-icon-css/flags/1x1/al.svg]
[htmlstream.com/front-dashboard/assets/vendor/flag-icon-css/flags/1x1/dz.svg]
[htmlstream.com/front-dashboard/assets/vendor/flag-icon-css/flags/1x1/as.svg]
[htmlstream.com/front-dashboard/assets/vendor/flag-icon-css/flags/1x1/ad.svg]
[htmlstream.com/front-dashboard/assets/vendor/flag-icon-css/flags/1x1/ao.svg]
[htmlstream.com/front-dashboard/assets/vendor/flag-icon-css/flags/1x1/ai.svg]
[htmlstream.com/front-dashboard/assets/vendor/flag-icon-css/flags/1x1/ag.svg]
[htmlstream.com/front-dashboard/assets/vendor/flag-icon-css/flags/1x1/ar.svg]
[htmlstream.com/front-dashboard/assets/vendor/flag-icon-css/flags/1x1/am.svg]
[htmlstream.com/front-dashboard/assets/vendor/flag-icon-css/flags/1x1/aw.svg]
[htmlstream.com/front-dashboard/assets/vendor/flag-icon-css/flags/1x1/au.svg]
[htmlstream.com/front-dashboard/assets/vendor/flag-icon-css/flags/1x1/at.svg]
[htmlstream.com/front-dashboard/assets/vendor/flag-icon-css/flags/1x1/az.svg]
[htmlstream.com/front-dashboard/assets/vendor/flag-icon-css/flags/1x1/bs.svg]
[htmlstream.com/front-dashboard/assets/vendor/flag-icon-css/flags/1x1/bh.svg]
[htmlstream.com/front-dashboard/assets/vendor/flag-icon-css/flags/1x1/bd.svg]
[htmlstream.com/front-dashboard/assets/vendor/flag-icon-css/flags/1x1/bb.svg]
[htmlstream.com/front-dashboard/assets/vendor/flag-icon-css/flags/1x1/by.svg]
[htmlstream.com/front-dashboard/assets/vendor/flag-icon-css/flags/1x1/be.svg]
[htmlstream.com/front-dashboard/assets/vendor/flag-icon-css/flags/1x1/bz.svg]
[htmlstream.com/front-dashboard/assets/vendor/flag-icon-css/flags/1x1/bj.svg]
[htmlstream.com/front-dashboard/assets/vendor/flag-icon-css/flags/1x1/bm.svg]
[htmlstream.com/front-dashboard/assets/vendor/flag-icon-css/flags/1x1/bt.svg]
[htmlstream.com/front-dashboard/assets/vendor/flag-icon-css/flags/1x1/bo.svg]
[htmlstream.com/front-dashboard/assets/vendor/flag-icon-css/flags/1x1/bq.svg]
[htmlstream.com/front-dashboard/assets/vendor/flag-icon-css/flags/1x1/ba.svg]
[htmlstream.com/front-dashboard/assets/vendor/flag-icon-css/flags/1x1/bw.svg]
[htmlstream.com/front-dashboard/assets/vendor/flag-icon-css/flags/1x1/br.svg]
[htmlstream.com/front-dashboard/assets/vendor/flag-icon-css/flags/1x1/io.svg]
[htmlstream.com/front-dashboard/assets/vendor/flag-icon-css/flags/1x1/bn.svg]
[htmlstream.com/front-dashboard/assets/vendor/flag-icon-css/flags/1x1/bg.svg]
[htmlstream.com/front-dashboard/assets/vendor/flag-icon-css/flags/1x1/bf.svg]
[htmlstream.com/front-dashboard/assets/vendor/flag-icon-css/flags/1x1/bi.svg]
[htmlstream.com/front-dashboard/assets/vendor/flag-icon-css/flags/1x1/cv.svg]
[htmlstream.com/front-dashboard/assets/vendor/flag-icon-css/flags/1x1/kh.svg]
[htmlstream.com/front-dashboard/assets/vendor/flag-icon-css/flags/1x1/cm.svg]
[htmlstream.com/front-dashboard/assets/vendor/flag-icon-css/flags/1x1/ca.svg]
[htmlstream.com/front-dashboard/assets/vendor/flag-icon-css/flags/1x1/ky.svg]
[htmlstream.com/front-dashboard/assets/vendor/flag-icon-css/flags/1x1/cf.svg]
[htmlstream.com/front-dashboard/assets/vendor/flag-icon-css/flags/1x1/td.svg]
[htmlstream.com/front-dashboard/assets/vendor/flag-icon-css/flags/1x1/cl.svg]
[htmlstream.com/front-dashboard/assets/vendor/flag-icon-css/flags/1x1/cx.svg]
[htmlstream.com/front-dashboard/assets/vendor/flag-icon-css/flags/1x1/cc.svg]
[htmlstream.com/front-dashboard/assets/vendor/flag-icon-css/flags/1x1/co.svg]
[htmlstream.com/front-dashboard/assets/vendor/flag-icon-css/flags/1x1/km.svg]
[htmlstream.com/front-dashboard/assets/vendor/flag-icon-css/flags/1x1/ck.svg]
[htmlstream.com/front-dashboard/assets/vendor/flag-icon-css/flags/1x1/cr.svg]
[htmlstream.com/front-dashboard/assets/vendor/flag-icon-css/flags/1x1/hr.svg]
[htmlstream.com/front-dashboard/assets/vendor/flag-icon-css/flags/1x1/cu.svg]
[htmlstream.com/front-dashboard/assets/vendor/flag-icon-css/flags/1x1/cw.svg]
[htmlstream.com/front-dashboard/assets/vendor/flag-icon-css/flags/1x1/cy.svg]
[htmlstream.com/front-dashboard/assets/vendor/flag-icon-css/flags/1x1/cz.svg]
[htmlstream.com/front-dashboard/assets/vendor/flag-icon-css/flags/1x1/ci.svg]
[htmlstream.com/front-dashboard/assets/vendor/flag-icon-css/flags/1x1/cd.svg]
[htmlstream.com/front-dashboard/assets/vendor/flag-icon-css/flags/1x1/dj.svg]
[htmlstream.com/front-dashboard/assets/vendor/flag-icon-css/flags/1x1/dm.svg]
[htmlstream.com/front-dashboard/assets/vendor/flag-icon-css/flags/1x1/do.svg]
[htmlstream.com/front-dashboard/assets/vendor/flag-icon-css/flags/1x1/ec.svg]
[htmlstream.com/front-dashboard/assets/vendor/flag-icon-css/flags/1x1/eg.svg]
[htmlstream.com/front-dashboard/assets/vendor/flag-icon-css/flags/1x1/sv.svg]
[htmlstream.com/front-dashboard/assets/vendor/flag-icon-css/flags/1x1/gb-eng.svg]
[htmlstream.com/front-dashboard/assets/vendor/flag-icon-css/flags/1x1/gq.svg]
[htmlstream.com/front-dashboard/assets/vendor/flag-icon-css/flags/1x1/er.svg]
[htmlstream.com/front-dashboard/assets/vendor/flag-icon-css/flags/1x1/ee.svg]
[htmlstream.com/front-dashboard/assets/vendor/flag-icon-css/flags/1x1/et.svg]
[htmlstream.com/front-dashboard/assets/vendor/flag-icon-css/flags/1x1/fk.svg]
[htmlstream.com/front-dashboard/assets/vendor/flag-icon-css/flags/1x1/fo.svg]
[htmlstream.com/front-dashboard/assets/vendor/flag-icon-css/flags/1x1/fm.svg]
[htmlstream.com/front-dashboard/assets/vendor/flag-icon-css/flags/1x1/fj.svg]
[htmlstream.com/front-dashboard/assets/vendor/flag-icon-css/flags/1x1/fi.svg]
[htmlstream.com/front-dashboard/assets/vendor/flag-icon-css/flags/1x1/fr.svg]
[htmlstream.com/front-dashboard/assets/vendor/flag-icon-css/flags/1x1/gf.svg]
[htmlstream.com/front-dashboard/assets/vendor/flag-icon-css/flags/1x1/pf.svg]
[htmlstream.com/front-dashboard/assets/vendor/flag-icon-css/flags/1x1/tf.svg]
[htmlstream.com/front-dashboard/assets/vendor/flag-icon-css/flags/1x1/ga.svg]
[htmlstream.com/front-dashboard/assets/vendor/flag-icon-css/flags/1x1/gm.svg]
[htmlstream.com/front-dashboard/assets/vendor/flag-icon-css/flags/1x1/ge.svg]
[htmlstream.com/front-dashboard/assets/vendor/flag-icon-css/flags/1x1/gh.svg]
[htmlstream.com/front-dashboard/assets/vendor/flag-icon-css/flags/1x1/gi.svg]
[htmlstream.com/front-dashboard/assets/vendor/flag-icon-css/flags/1x1/gr.svg]
[htmlstream.com/front-dashboard/assets/vendor/flag-icon-css/flags/1x1/gl.svg]
[htmlstream.com/front-dashboard/assets/vendor/flag-icon-css/flags/1x1/gd.svg]
[htmlstream.com/front-dashboard/assets/vendor/flag-icon-css/flags/1x1/gp.svg]
[htmlstream.com/front-dashboard/assets/vendor/flag-icon-css/flags/1x1/gu.svg]
[htmlstream.com/front-dashboard/assets/vendor/flag-icon-css/flags/1x1/gt.svg]
[htmlstream.com/front-dashboard/assets/vendor/flag-icon-css/flags/1x1/gg.svg]
[htmlstream.com/front-dashboard/assets/vendor/flag-icon-css/flags/1x1/gn.svg]
[htmlstream.com/front-dashboard/assets/vendor/flag-icon-css/flags/1x1/gw.svg]
[htmlstream.com/front-dashboard/assets/vendor/flag-icon-css/flags/1x1/gy.svg]
[htmlstream.com/front-dashboard/assets/vendor/flag-icon-css/flags/1x1/ht.svg]
[htmlstream.com/front-dashboard/assets/vendor/flag-icon-css/flags/1x1/va.svg]
[htmlstream.com/front-dashboard/assets/vendor/flag-icon-css/flags/1x1/hn.svg]
[htmlstream.com/front-dashboard/assets/vendor/flag-icon-css/flags/1x1/hk.svg]
[htmlstream.com/front-dashboard/assets/vendor/flag-icon-css/flags/1x1/hu.svg]
[htmlstream.com/front-dashboard/assets/vendor/flag-icon-css/flags/1x1/is.svg]
[htmlstream.com/front-dashboard/assets/vendor/flag-icon-css/flags/1x1/in.svg]
[htmlstream.com/front-dashboard/assets/vendor/flag-icon-css/flags/1x1/id.svg]
[htmlstream.com/front-dashboard/assets/vendor/flag-icon-css/flags/1x1/ir.svg]
[htmlstream.com/front-dashboard/assets/vendor/flag-icon-css/flags/1x1/iq.svg]
[htmlstream.com/front-dashboard/assets/vendor/flag-icon-css/flags/1x1/ie.svg]
[htmlstream.com/front-dashboard/assets/vendor/flag-icon-css/flags/1x1/im.svg]
[htmlstream.com/front-dashboard/assets/vendor/flag-icon-css/flags/1x1/il.svg]
[htmlstream.com/front-dashboard/assets/vendor/flag-icon-css/flags/1x1/jm.svg]
[htmlstream.com/front-dashboard/assets/vendor/flag-icon-css/flags/1x1/jp.svg]
[htmlstream.com/front-dashboard/assets/vendor/flag-icon-css/flags/1x1/je.svg]
[htmlstream.com/front-dashboard/assets/vendor/flag-icon-css/flags/1x1/jo.svg]
[htmlstream.com/front-dashboard/assets/vendor/flag-icon-css/flags/1x1/kz.svg]
[htmlstream.com/front-dashboard/assets/vendor/flag-icon-css/flags/1x1/ke.svg]
[htmlstream.com/front-dashboard/assets/vendor/flag-icon-css/flags/1x1/ki.svg]
[htmlstream.com/front-dashboard/assets/vendor/flag-icon-css/flags/1x1/kw.svg]
[htmlstream.com/front-dashboard/assets/vendor/flag-icon-css/flags/1x1/kg.svg]
[htmlstream.com/front-dashboard/assets/vendor/flag-icon-css/flags/1x1/la.svg]
[htmlstream.com/front-dashboard/assets/vendor/flag-icon-css/flags/1x1/lv.svg]
[htmlstream.com/front-dashboard/assets/vendor/flag-icon-css/flags/1x1/lb.svg]
[htmlstream.com/front-dashboard/assets/vendor/flag-icon-css/flags/1x1/ls.svg]
[htmlstream.com/front-dashboard/assets/vendor/flag-icon-css/flags/1x1/lr.svg]
[htmlstream.com/front-dashboard/assets/vendor/flag-icon-css/flags/1x1/ly.svg]
[htmlstream.com/front-dashboard/assets/vendor/flag-icon-css/flags/1x1/li.svg]
[htmlstream.com/front-dashboard/assets/vendor/flag-icon-css/flags/1x1/lt.svg]
[htmlstream.com/front-dashboard/assets/vendor/flag-icon-css/flags/1x1/lu.svg]
[htmlstream.com/front-dashboard/assets/vendor/flag-icon-css/flags/1x1/mo.svg]
[htmlstream.com/front-dashboard/assets/vendor/flag-icon-css/flags/1x1/mg.svg]
[htmlstream.com/front-dashboard/assets/vendor/flag-icon-css/flags/1x1/mw.svg]
[htmlstream.com/front-dashboard/assets/vendor/flag-icon-css/flags/1x1/my.svg]
[htmlstream.com/front-dashboard/assets/vendor/flag-icon-css/flags/1x1/mv.svg]
[htmlstream.com/front-dashboard/assets/vendor/flag-icon-css/flags/1x1/ml.svg]
[htmlstream.com/front-dashboard/assets/vendor/flag-icon-css/flags/1x1/mt.svg]
[htmlstream.com/front-dashboard/assets/vendor/flag-icon-css/flags/1x1/mh.svg]
[htmlstream.com/front-dashboard/assets/vendor/flag-icon-css/flags/1x1/mq.svg]
[htmlstream.com/front-dashboard/assets/vendor/flag-icon-css/flags/1x1/mr.svg]
[htmlstream.com/front-dashboard/assets/vendor/flag-icon-css/flags/1x1/mu.svg]
[htmlstream.com/front-dashboard/assets/vendor/flag-icon-css/flags/1x1/yt.svg]
[htmlstream.com/front-dashboard/assets/vendor/flag-icon-css/flags/1x1/mx.svg]
[htmlstream.com/front-dashboard/assets/vendor/flag-icon-css/flags/1x1/md.svg]
[htmlstream.com/front-dashboard/assets/vendor/flag-icon-css/flags/1x1/mc.svg]
[htmlstream.com/front-dashboard/assets/vendor/flag-icon-css/flags/1x1/mn.svg]
[htmlstream.com/front-dashboard/assets/vendor/flag-icon-css/flags/1x1/me.svg]
[htmlstream.com/front-dashboard/assets/vendor/flag-icon-css/flags/1x1/ms.svg]
[htmlstream.com/front-dashboard/assets/vendor/flag-icon-css/flags/1x1/ma.svg]
[htmlstream.com/front-dashboard/assets/vendor/flag-icon-css/flags/1x1/mz.svg]
[htmlstream.com/front-dashboard/assets/vendor/flag-icon-css/flags/1x1/mm.svg]
[htmlstream.com/front-dashboard/assets/vendor/flag-icon-css/flags/1x1/na.svg]
[htmlstream.com/front-dashboard/assets/vendor/flag-icon-css/flags/1x1/nr.svg]
[htmlstream.com/front-dashboard/assets/vendor/flag-icon-css/flags/1x1/np.svg]
[htmlstream.com/front-dashboard/assets/vendor/flag-icon-css/flags/1x1/nl.svg]
[htmlstream.com/front-dashboard/assets/vendor/flag-icon-css/flags/1x1/nc.svg]
[htmlstream.com/front-dashboard/assets/vendor/flag-icon-css/flags/1x1/nz.svg]
[htmlstream.com/front-dashboard/assets/vendor/flag-icon-css/flags/1x1/ni.svg]
[htmlstream.com/front-dashboard/assets/vendor/flag-icon-css/flags/1x1/ne.svg]
[htmlstream.com/front-dashboard/assets/vendor/flag-icon-css/flags/1x1/ng.svg]
[htmlstream.com/front-dashboard/assets/vendor/flag-icon-css/flags/1x1/nu.svg]
[htmlstream.com/front-dashboard/assets/vendor/flag-icon-css/flags/1x1/nf.svg]
[htmlstream.com/front-dashboard/assets/vendor/flag-icon-css/flags/1x1/kp.svg]
[htmlstream.com/front-dashboard/assets/vendor/flag-icon-css/flags/1x1/mk.svg]
[htmlstream.com/front-dashboard/assets/vendor/flag-icon-css/flags/1x1/gb-nir.svg]
[htmlstream.com/front-dashboard/assets/vendor/flag-icon-css/flags/1x1/mp.svg]
[htmlstream.com/front-dashboard/assets/vendor/flag-icon-css/flags/1x1/no.svg]
[htmlstream.com/front-dashboard/assets/vendor/flag-icon-css/flags/1x1/om.svg]
[htmlstream.com/front-dashboard/assets/vendor/flag-icon-css/flags/1x1/pk.svg]
[htmlstream.com/front-dashboard/assets/vendor/flag-icon-css/flags/1x1/pw.svg]
[htmlstream.com/front-dashboard/assets/vendor/flag-icon-css/flags/1x1/pa.svg]
[htmlstream.com/front-dashboard/assets/vendor/flag-icon-css/flags/1x1/pg.svg]
[htmlstream.com/front-dashboard/assets/vendor/flag-icon-css/flags/1x1/py.svg]
[htmlstream.com/front-dashboard/assets/vendor/flag-icon-css/flags/1x1/pe.svg]
[htmlstream.com/front-dashboard/assets/vendor/flag-icon-css/flags/1x1/ph.svg]
[htmlstream.com/front-dashboard/assets/vendor/flag-icon-css/flags/1x1/pn.svg]
[htmlstream.com/front-dashboard/assets/vendor/flag-icon-css/flags/1x1/pl.svg]
[htmlstream.com/front-dashboard/assets/vendor/flag-icon-css/flags/1x1/pt.svg]
[htmlstream.com/front-dashboard/assets/vendor/flag-icon-css/flags/1x1/pr.svg]
[htmlstream.com/front-dashboard/assets/vendor/flag-icon-css/flags/1x1/qa.svg]
[htmlstream.com/front-dashboard/assets/vendor/flag-icon-css/flags/1x1/cg.svg]
[htmlstream.com/front-dashboard/assets/vendor/flag-icon-css/flags/1x1/ro.svg]
[htmlstream.com/front-dashboard/assets/vendor/flag-icon-css/flags/1x1/ru.svg]
[htmlstream.com/front-dashboard/assets/vendor/flag-icon-css/flags/1x1/rw.svg]
[htmlstream.com/front-dashboard/assets/vendor/flag-icon-css/flags/1x1/re.svg]
[htmlstream.com/front-dashboard/assets/vendor/flag-icon-css/flags/1x1/bl.svg]
[htmlstream.com/front-dashboard/assets/vendor/flag-icon-css/flags/1x1/sh.svg]
[htmlstream.com/front-dashboard/assets/vendor/flag-icon-css/flags/1x1/kn.svg]
[htmlstream.com/front-dashboard/assets/vendor/flag-icon-css/flags/1x1/lc.svg]
[htmlstream.com/front-dashboard/assets/vendor/flag-icon-css/flags/1x1/mf.svg]
[htmlstream.com/front-dashboard/assets/vendor/flag-icon-css/flags/1x1/pm.svg]
[htmlstream.com/front-dashboard/assets/vendor/flag-icon-css/flags/1x1/vc.svg]
[htmlstream.com/front-dashboard/assets/vendor/flag-icon-css/flags/1x1/ws.svg]
[htmlstream.com/front-dashboard/assets/vendor/flag-icon-css/flags/1x1/sm.svg]
[htmlstream.com/front-dashboard/assets/vendor/flag-icon-css/flags/1x1/st.svg]
[htmlstream.com/front-dashboard/assets/vendor/flag-icon-css/flags/1x1/sa.svg]
[htmlstream.com/front-dashboard/assets/vendor/flag-icon-css/flags/1x1/gb-sct.svg]
[htmlstream.com/front-dashboard/assets/vendor/flag-icon-css/flags/1x1/sn.svg]
[htmlstream.com/front-dashboard/assets/vendor/flag-icon-css/flags/1x1/rs.svg]
[htmlstream.com/front-dashboard/assets/vendor/flag-icon-css/flags/1x1/sc.svg]
[htmlstream.com/front-dashboard/assets/vendor/flag-icon-css/flags/1x1/sl.svg]
[htmlstream.com/front-dashboard/assets/vendor/flag-icon-css/flags/1x1/sg.svg]
[htmlstream.com/front-dashboard/assets/vendor/flag-icon-css/flags/1x1/sx.svg]
[htmlstream.com/front-dashboard/assets/vendor/flag-icon-css/flags/1x1/sk.svg]
[htmlstream.com/front-dashboard/assets/vendor/flag-icon-css/flags/1x1/si.svg]
[htmlstream.com/front-dashboard/assets/vendor/flag-icon-css/flags/1x1/sb.svg]
[htmlstream.com/front-dashboard/assets/vendor/flag-icon-css/flags/1x1/so.svg]
[htmlstream.com/front-dashboard/assets/vendor/flag-icon-css/flags/1x1/za.svg]
[htmlstream.com/front-dashboard/assets/vendor/flag-icon-css/flags/1x1/gs.svg]
[htmlstream.com/front-dashboard/assets/vendor/flag-icon-css/flags/1x1/kr.svg]
[htmlstream.com/front-dashboard/assets/vendor/flag-icon-css/flags/1x1/ss.svg]
[htmlstream.com/front-dashboard/assets/vendor/flag-icon-css/flags/1x1/es.svg]
[htmlstream.com/front-dashboard/assets/vendor/flag-icon-css/flags/1x1/lk.svg]
[htmlstream.com/front-dashboard/assets/vendor/flag-icon-css/flags/1x1/ps.svg]
[htmlstream.com/front-dashboard/assets/vendor/flag-icon-css/flags/1x1/sd.svg]
[htmlstream.com/front-dashboard/assets/vendor/flag-icon-css/flags/1x1/sr.svg]
[htmlstream.com/front-dashboard/assets/vendor/flag-icon-css/flags/1x1/sj.svg]
[htmlstream.com/front-dashboard/assets/vendor/flag-icon-css/flags/1x1/sz.svg]
[htmlstream.com/front-dashboard/assets/vendor/flag-icon-css/flags/1x1/se.svg]
[htmlstream.com/front-dashboard/assets/vendor/flag-icon-css/flags/1x1/ch.svg]
[htmlstream.com/front-dashboard/assets/vendor/flag-icon-css/flags/1x1/sy.svg]
[htmlstream.com/front-dashboard/assets/vendor/flag-icon-css/flags/1x1/tw.svg]
[htmlstream.com/front-dashboard/assets/vendor/flag-icon-css/flags/1x1/tj.svg]
[htmlstream.com/front-dashboard/assets/vendor/flag-icon-css/flags/1x1/tz.svg]
[htmlstream.com/front-dashboard/assets/vendor/flag-icon-css/flags/1x1/th.svg]
[htmlstream.com/front-dashboard/assets/vendor/flag-icon-css/flags/1x1/tl.svg]
[htmlstream.com/front-dashboard/assets/vendor/flag-icon-css/flags/1x1/tg.svg]
[htmlstream.com/front-dashboard/assets/vendor/flag-icon-css/flags/1x1/tk.svg]
[htmlstream.com/front-dashboard/assets/vendor/flag-icon-css/flags/1x1/to.svg]
[htmlstream.com/front-dashboard/assets/vendor/flag-icon-css/flags/1x1/tt.svg]
[htmlstream.com/front-dashboard/assets/vendor/flag-icon-css/flags/1x1/tn.svg]
[htmlstream.com/front-dashboard/assets/vendor/flag-icon-css/flags/1x1/tr.svg]
[htmlstream.com/front-dashboard/assets/vendor/flag-icon-css/flags/1x1/tm.svg]
[htmlstream.com/front-dashboard/assets/vendor/flag-icon-css/flags/1x1/tc.svg]
[htmlstream.com/front-dashboard/assets/vendor/flag-icon-css/flags/1x1/tv.svg]
[htmlstream.com/front-dashboard/assets/vendor/flag-icon-css/flags/1x1/ug.svg]
[htmlstream.com/front-dashboard/assets/vendor/flag-icon-css/flags/1x1/ua.svg]
[htmlstream.com/front-dashboard/assets/vendor/flag-icon-css/flags/1x1/ae.svg]
[htmlstream.com/front-dashboard/assets/vendor/flag-icon-css/flags/1x1/um.svg]
[htmlstream.com/front-dashboard/assets/vendor/flag-icon-css/flags/1x1/uy.svg]
[htmlstream.com/front-dashboard/assets/vendor/flag-icon-css/flags/1x1/uz.svg]
[htmlstream.com/front-dashboard/assets/vendor/flag-icon-css/flags/1x1/vu.svg]
[htmlstream.com/front-dashboard/assets/vendor/flag-icon-css/flags/1x1/ve.svg]
[htmlstream.com/front-dashboard/assets/vendor/flag-icon-css/flags/1x1/vn.svg]
[htmlstream.com/front-dashboard/assets/vendor/flag-icon-css/flags/1x1/vg.svg]
[htmlstream.com/front-dashboard/assets/vendor/flag-icon-css/flags/1x1/vi.svg]
[htmlstream.com/front-dashboard/assets/vendor/flag-icon-css/flags/1x1/gb-wls.svg]
[htmlstream.com/front-dashboard/assets/vendor/flag-icon-css/flags/1x1/wf.svg]
[htmlstream.com/front-dashboard/assets/vendor/flag-icon-css/flags/1x1/eh.svg]
[htmlstream.com/front-dashboard/assets/vendor/flag-icon-css/flags/1x1/ye.svg]
[htmlstream.com/front-dashboard/assets/vendor/flag-icon-css/flags/1x1/zm.svg]
[htmlstream.com/front-dashboard/assets/vendor/flag-icon-css/flags/1x1/zw.svg]
[htmlstream.com/front-dashboard/assets/svg/illustrations/at-line.svg]
[htmlstream.com/front-dashboard/assets/svg/illustrations/world-line.svg]
[htmlstream.com/front-dashboard/assets/svg/illustrations/phone-line.svg]
[htmlstream.com/front-dashboard/assets/svg/illustrations/hi-five.svg]
[htmlstream.com/front-dashboard/assets/svg/illustrations/card-4.svg]
[htmlstream.com/front-dashboard/assets/svg/illustrations/card-5.svg]
[htmlstream.com/front-dashboard/assets/svg/brands/figma.svg]
[htmlstream.com/front-dashboard/assets/svg/components/star-half.svg]
[htmlstream.com/front-dashboard/assets/svg/components/star-muted.svg]
[htmlstream.com/front-dashboard/assets/svg/brands/prosperops.svg]
[htmlstream.com/front-dashboard/assets/svg/illustrations/unlock.svg]
[htmlstream.com/front-dashboard/assets/svg/illustrations/yelling.svg]
[htmlstream.com/front-dashboard/assets/svg/brands/chrome.svg]
[htmlstream.com/front-dashboard/assets/svg/illustrations/book.svg]
[htmlstream.com/front-dashboard/assets/svg/brands/mastercard.svg]
[htmlstream.com/front-dashboard/assets/svg/brands/visa.svg]
[htmlstream.com/front-dashboard/assets/svg/illustrations/credit-card.svg]
[htmlstream.com/front-dashboard/assets/svg/brands/paypal-icon.svg]
[htmlstream.com/front-dashboard/assets/svg/illustrations/create.svg]
[htmlstream.com/front-dashboard/assets/svg/illustrations/choice.svg]
[htmlstream.com/front-dashboard/assets/svg/illustrations/presenting.svg]
[htmlstream.com/front-dashboard/ecommerce-product-description.html]
[htmlstream.com/front-dashboard/assets/svg/illustrations/browse.svg]
[htmlstream.com/front-dashboard/assets/svg/illustrations/chat.svg]
[htmlstream.com/front-dashboard/assets/svg/brands/guideline.svg]
[htmlstream.com/front-dashboard/assets/svg/brands/jira.svg]
[htmlstream.com/front-dashboard/assets/svg/brands/bookingcom.svg]
[htmlstream.com/front-dashboard/assets/svg/brands/digitalocean.svg]
[htmlstream.com/front-dashboard/assets/svg-src/illustrations/project-schedule.html]
[htmlstream.com/front-dashboard/assets/svg/brands/google-docs.svg]
[htmlstream.com/front-dashboard/assets/svg/brands/google-slides.svg]
[htmlstream.com/front-dashboard/assets/svg/brands/google-sheets.svg]
[htmlstream.com/front-dashboard/assets/svg/components/placeholder-img-format.svg]
[htmlstream.com/front-dashboard/assets/svg/illustrations/yelling-reverse.svg]
[htmlstream.com/front-dashboard/assets/svg/illustrations/click.svg]
[htmlstream.com/front-dashboard/assets/svg/components/abstract-bg-4.svg]
[htmlstream.com/front-dashboard/assets/svg/illustrations/think.svg]
[htmlstream.com/front-dashboard/assets/vendor/flag-icon-css/flags/1x1/eu.svg]
[htmlstream.com/front-dashboard/layouts/demo-layouts-default-classic.html]
[htmlstream.com/front-dashboard/assets/svg/layouts/demo-layouts-default-classic.svg]
[htmlstream.com/front-dashboard/layouts/header-default-fluid.html]
[htmlstream.com/front-dashboard/layouts/header-default-container.html]
[htmlstream.com/front-dashboard/layouts/header-double-line-fluid.html]
[htmlstream.com/front-dashboard/layouts/header-double-line-container.html]
[htmlstream.com/front-dashboard/layouts/sidebar-default-classic.html]
[htmlstream.com/front-dashboard/layouts/sidebar-compact.html]
[htmlstream.com/front-dashboard/layouts/sidebar-mini.html]
[htmlstream.com/front-dashboard/layouts/sidebar-combinations-mini-plus-one-cols.html]
[htmlstream.com/front-dashboard/assets/svg/layouts/sidebar-combinations-mini-plus-one-cols.svg]
[htmlstream.com/front-dashboard/layouts/sidebar-combinations-two-cols.html]
[htmlstream.com/front-dashboard/assets/svg/layouts/sidebar-combinations-two-cols.svg]
[htmlstream.com/front-dashboard/layouts/sidebar-combinations-two-plus-mini-cols.html]
[htmlstream.com/front-dashboard/assets/svg/layouts/sidebar-combinations-two-plus-mini-cols.svg]
[htmlstream.com/front-dashboard/layouts/sidebar-combinations-two-cols-between.html]
[htmlstream.com/front-dashboard/assets/svg/layouts/sidebar-combinations-two-cols-between.svg]
[htmlstream.com/front-dashboard/layouts/sidebar-detached-fluid.html]
[htmlstream.com/front-dashboard/assets/svg/layouts/sidebar-detached-fluid.svg]
[htmlstream.com/front-dashboard/layouts/sidebar-detached-container.html]
[htmlstream.com/front-dashboard/assets/svg/layouts/sidebar-detached-container.svg]
[htmlstream.com/front-dashboard/layouts/sidebar-detached-overlay-fluid.html]
[htmlstream.com/front-dashboard/assets/svg/layouts/sidebar-detached-overlay-fluid.svg]
[htmlstream.com/front-dashboard/layouts/sidebar-detached-overlay-container.html]
[htmlstream.com/front-dashboard/assets/svg/layouts/sidebar-detached-overlay-container.svg]
[htmlstream.com/front-dashboard/layouts/content-combinations-content-centered.html]
[htmlstream.com/front-dashboard/assets/svg/layouts/content-combinations-content-centered.svg]
[htmlstream.com/front-dashboard/layouts/content-combinations-overlay.html]
[htmlstream.com/front-dashboard/assets/svg/layouts/content-combinations-overlay.svg]
[htmlstream.com/front-dashboard/layouts/content-combinations-container-overlay.html]
[htmlstream.com/front-dashboard/assets/svg/layouts/content-combinations-container-overlay.svg]
[htmlstream.com/front-dashboard/layouts/footer-default-fluid.html]
[htmlstream.com/front-dashboard/assets/svg/layouts/footer-default-fluid.svg]
[htmlstream.com/front-dashboard/layouts/footer-default-container.html]
[htmlstream.com/front-dashboard/assets/svg/layouts/footer-default-container.svg]
[htmlstream.com/front-dashboard/assets/css/docs.css]
[htmlstream.com/front-dashboard/assets/svg/illustrations/sorry.svg]
[htmlstream.com/front-dashboard/assets/svg/logos/logo-short-white.svg]
[htmlstream.com/front-dashboard/documentation/gulp.html]
[htmlstream.com/front-dashboard/documentation/customization.html]
[htmlstream.com/front-dashboard/documentation/credits.html]
[htmlstream.com/front-dashboard/documentation/changelog.html]
[htmlstream.com/front-dashboard/documentation/gutters.html]
[htmlstream.com/front-dashboard/documentation/icon-set.html]
[htmlstream.com/front-dashboard/assets/img/900x400/img1.jpg]
[htmlstream.com/front-dashboard/documentation/avatars.html]
[htmlstream.com/front-dashboard/documentation/badge.html]
[htmlstream.com/front-dashboard/documentation/breadcrumb.html]
[htmlstream.com/front-dashboard/documentation/buttons.html]
[htmlstream.com/front-dashboard/documentation/card.html]
[htmlstream.com/front-dashboard/documentation/collapse.html]
[htmlstream.com/front-dashboard/documentation/column-divider.html]
[htmlstream.com/front-dashboard/documentation/divider.html]
[htmlstream.com/front-dashboard/documentation/dropdowns.html]
[htmlstream.com/front-dashboard/documentation/icons.html]
[htmlstream.com/front-dashboard/documentation/legend-indicator.html]
[htmlstream.com/front-dashboard/documentation/list-group.html]
[htmlstream.com/front-dashboard/documentation/lists.html]
[htmlstream.com/front-dashboard/documentation/modal.html]
[htmlstream.com/front-dashboard/documentation/page-header.html]
[htmlstream.com/front-dashboard/documentation/pagination.html]
[htmlstream.com/front-dashboard/documentation/popovers.html]
[htmlstream.com/front-dashboard/documentation/progress.html]
[htmlstream.com/front-dashboard/documentation/profile-cover.html]
[htmlstream.com/front-dashboard/documentation/spinners.html]
[htmlstream.com/front-dashboard/documentation/steps.html]
[htmlstream.com/front-dashboard/documentation/tab.html]
[htmlstream.com/front-dashboard/documentation/toasts.html]
[htmlstream.com/front-dashboard/documentation/tooltips.html]
[htmlstream.com/front-dashboard/documentation/borders.html]
[htmlstream.com/front-dashboard/documentation/colors.html]
[htmlstream.com/front-dashboard/documentation/positions.html]
[htmlstream.com/front-dashboard/documentation/shadows.html]
[htmlstream.com/front-dashboard/documentation/sizing.html]
[htmlstream.com/front-dashboard/documentation/text.html]
[htmlstream.com/front-dashboard/documentation/others.html]
[htmlstream.com/front-dashboard/documentation/navbar.html]
[htmlstream.com/front-dashboard/documentation/navs.html]
[htmlstream.com/front-dashboard/documentation/mega-menu.html]
[htmlstream.com/front-dashboard/documentation/navbar-vertical-aside.html]
[htmlstream.com/front-dashboard/documentation/tables.html]
[htmlstream.com/front-dashboard/documentation/datatables.html]
[htmlstream.com/front-dashboard/documentation/table-editable-rows.html]
[htmlstream.com/front-dashboard/documentation/table-sticky-header.html]
[htmlstream.com/front-dashboard/documentation/basic-forms.html]
[htmlstream.com/front-dashboard/documentation/checks-and-switches.html]
[htmlstream.com/front-dashboard/documentation/input-group.html]
[htmlstream.com/front-dashboard/documentation/select2.html]
[htmlstream.com/front-dashboard/documentation/flatpickr.html]
[htmlstream.com/front-dashboard/documentation/daterangepicker.html]
[htmlstream.com/front-dashboard/documentation/calendar.html]
[htmlstream.com/front-dashboard/documentation/file-attach.html]
[htmlstream.com/front-dashboard/documentation/dropzone.html]
[htmlstream.com/front-dashboard/documentation/quill.html]
[htmlstream.com/front-dashboard/documentation/clipboard.html]
[htmlstream.com/front-dashboard/documentation/quantity-counter.html]
[htmlstream.com/front-dashboard/documentation/input-mask.html]
[htmlstream.com/front-dashboard/documentation/step-forms.html]
[htmlstream.com/front-dashboard/documentation/ion-range-slider.html]
[htmlstream.com/front-dashboard/documentation/tagify.html]
[htmlstream.com/front-dashboard/documentation/add-field.html]
[htmlstream.com/front-dashboard/documentation/toggle-password.html]
[htmlstream.com/front-dashboard/documentation/count-characters.html]
[htmlstream.com/front-dashboard/documentation/form-search.html]
[htmlstream.com/front-dashboard/documentation/toggle-switch.html]
[htmlstream.com/front-dashboard/documentation/password-strength.html]
[www.google.com/recaptcha/api85f1.js]
[htmlstream.com/front-dashboard/documentation/google-recaptcha.html]
[htmlstream.com/front-dashboard/documentation/form-validation.html]
[htmlstream.com/front-dashboard/documentation/chartjs.html]
[htmlstream.com/front-dashboard/documentation/counter.html]
[htmlstream.com/front-dashboard/documentation/circles.html]
[htmlstream.com/front-dashboard/documentation/leaflet.html]
[htmlstream.com/front-dashboard/documentation/jvectormap.html]
[htmlstream.com/front-dashboard/assets/img/documentation/img1.jpg]
[htmlstream.com/front-dashboard/assets/img/documentation/img1-lg.jpg]
[htmlstream.com/front-dashboard/assets/img/documentation/img2.jpg]
[htmlstream.com/front-dashboard/assets/img/documentation/img2-lg.jpg]
[htmlstream.com/front-dashboard/assets/img/documentation/img3.jpg]
[htmlstream.com/front-dashboard/assets/img/documentation/img3-lg.jpg]
[htmlstream.com/front-dashboard/assets/img/documentation/img4-lg.jpg]
[htmlstream.com/front-dashboard/assets/img/documentation/img5-lg.jpg]
[htmlstream.com/front-dashboard/assets/img/documentation/img6-lg.jpg]
[htmlstream.com/front-dashboard/documentation/fancybox.html]
[htmlstream.com/front-dashboard/documentation/unfold.html]
[htmlstream.com/front-dashboard/documentation/scrollspy.html]
[htmlstream.com/front-dashboard/documentation/sortablejs.html]
[htmlstream.com/front-dashboard/documentation/sticky-block.html]
[htmlstream.com/front-dashboard/documentation/go-to.html]
[themes.getbootstrap.com/wp-includes/css/dist/block-library/style.minde54.css]
[themes.getbootstrap.com/wp-content/plugins/woocommerce/packages/woocommerce-blocks/build/style747d.css]
[themes.getbootstrap.com/wp-content/plugins/woocommerce/assets/css/photoswipe/default-skin/default-skin.png]
[themes.getbootstrap.com/wp-content/plugins/woocommerce/assets/css/photoswipe/photoswipe7e2e.css]
[themes.getbootstrap.com/wp-content/plugins/woocommerce/assets/css/photoswipe/default-skin/default-skin.svg]
[themes.getbootstrap.com/wp-content/plugins/woocommerce/assets/css/photoswipe/default-skin/preloader.gif]
[themes.getbootstrap.com/wp-content/plugins/woocommerce/assets/css/photoswipe/default-skin/default-skin7e2e.css]
[themes.getbootstrap.com/wp-content/plugins/woocommerce/assets/css/woocommerce-layout7e2e.css]
[themes.getbootstrap.com/wp-content/plugins/woocommerce/assets/css/woocommerce-smallscreen7e2e.css]
[themes.getbootstrap.com/wp-content/plugins/woocommerce/assets/css/woocommerce7e2e.css]
[themes.getbootstrap.com/wp-content/plugins/dokan-lite/assets/vendors/font-awesome/font-awesome.min3b90.css]
[themes.getbootstrap.com/wp-content/themes/dokan/assets/css/skins/purple.css]
[themes.getbootstrap.com/wp-content/plugins/dokan-lite/assets/vendors/select2/select23b90.css]
[themes.getbootstrap.com/wp-content/themes/bootstrap-marketplace/assets/fonts/fontello/bootstrap-themesc000.eot]
[themes.getbootstrap.com/wp-content/themes/bootstrap-marketplace/assets/fonts/fontello/bootstrap-themesc000.woff2]
[themes.getbootstrap.com/wp-content/themes/bootstrap-marketplace/assets/fonts/fontello/bootstrap-themesc000.woff]
[themes.getbootstrap.com/wp-content/themes/bootstrap-marketplace/assets/fonts/fontello/bootstrap-themesc000.ttf]
[themes.getbootstrap.com/wp-content/themes/bootstrap-marketplace/style94c8.css]
[htmlstream.com/front-dashboard/layouts/projects.html]
[htmlstream.com/front-dashboard/kanban.html]
[htmlstream.com/front-dashboard/layouts.html]
[htmlstream.com/front-dashboard/layouts/project.html]
[htmlstream.com/front-dashboard/documentation/step-form.html]
[htmlstream.com/front-dashboard/assets/svg/components/placeholder-lg.svg]
[htmlstream.com/front-dashboard/documentation/hs-unfold.html]
[htmlstream.com/front-dashboard/documentation/user-profile.html]
[htmlstream.com/front-dashboard/assets/svg/components/popover-top.svg]
[htmlstream.com/front-dashboard/assets/svg/components/popover-right.svg]
[htmlstream.com/front-dashboard/assets/svg/components/popover-bottom.svg]
[htmlstream.com/front-dashboard/assets/svg/components/popover-left.svg]
[htmlstream.com/front-dashboard/documentation/hs-mega-menu.html]
[htmlstream.com/front-dashboard/layouts/header-default-fluid.html.html]
[themes.getbootstrap.com/wp-content/plugins/woocommerce/assets/css/photoswipe/default-skin/default-skin.svg]
[themes.getbootstrap.com/wp-content/themes/bootstrap-marketplace/assets/fonts/fontello/bootstrap-themesc000.svg]
[themes.getbootstrap.com/wp-content/themes/bootstrap-marketplace/assets/fonts/fontello/bootstrap-themesc000.svg]
